[omarflores.dev/index.html]
[backblue.gif]
[fade.gif]
[index.html]
[omarflores.dev/vendor/bootstrap/css/bootstrap.min.css]
[omarflores.dev/css/animate.css]
[omarflores.dev/vendor/font-awesome/css/font-awesome.min.css]
[omarflores.dev/css/mywebsite.css]
[omarflores.dev/favicon/apple-touch-icon.png]
[omarflores.dev/favicon/favicon-32x32.png]
[omarflores.dev/favicon/favicon-16x16.png]
[omarflores.dev/favicon/site.webmanifest]
[omarflores.dev/favicon/safari-pinned-tab.svg]
[omarflores.dev/garciaflores_resume2020.pdf]
[omarflores.dev/img/me.jpg]
[omarflores.dev/img/carletonuniversity.gif]
[omarflores.dev/img/play_color.svg]
[omarflores.dev/img/rbc.png]
[omarflores.dev/img/omni.png]
[omarflores.dev/img/deloitte2.png]
[omarflores.dev/img/emotion-plus-icon-animated-dark.svg]
[omarflores.dev/img/ht6.png]
[omarflores.dev/img/trajectory.svg]
[omarflores.dev/img/cuhacking2019.png]
[omarflores.dev/img/ensemble.png]
[omarflores.dev/img/uottawa.png]
[omarflores.dev/img/evento.png]
[omarflores.dev/img/conu.png]
[omarflores.dev/img/translate.png]
[omarflores.dev/img/uoft.png]
[omarflores.dev/img/blueprint.jpg]
[omarflores.dev/img/htn2018.jpg]
[omarflores.dev/img/piction.jpg]
[omarflores.dev/img/ordr.png]
[omarflores.dev/img/cuhacking.png]
[omarflores.dev/img/mathlogo.jpg]
[omarflores.dev/img/htn.png]
[omarflores.dev/img/logo.png]
[omarflores.dev/img/logo-2_medium.png]
[omarflores.dev/img/cuc.png]
[omarflores.dev/img/sssc.png]
[omarflores.dev/vendor/jquery/jquery.js]
[omarflores.dev/vendor/jquery/jquery.min.js]
[omarflores.dev/vendor/popper/popper.min.js]
[omarflores.dev/vendor/bootstrap/js/bootstrap.min.js]
[omarflores.dev/js/typed.js]
[omarflores.dev/js/typeme.js]
[omarflores.dev/js/particles.min.js]
[omarflores.dev/js/app.js]
[cdn.jsdelivr.net/particles.js/2.0.0/particles.min.js]
[maxcdn.bootstrapcdn.com/bootstrap/3.3.7/js/bootstrap.min.js]
[omarflores.dev/index.html]
[omarflores.dev/vendor/bootstrap/css/bootstrap.min.css]
[omarflores.dev/css/animate.css]
[omarflores.dev/vendor/font-awesome/fonts/fontawesome-webfont3e6e.eot]
[omarflores.dev/vendor/font-awesome/fonts/fontawesome-webfontd41d.eot]
[omarflores.dev/vendor/font-awesome/fonts/fontawesome-webfont3e6e.woff2]
[omarflores.dev/vendor/font-awesome/fonts/fontawesome-webfont3e6e.woff]
[omarflores.dev/vendor/font-awesome/fonts/fontawesome-webfont3e6e.ttf]
[omarflores.dev/vendor/font-awesome/css/font-awesome.min.css]
[omarflores.dev/vendor/font-awesome/fonts/fontawesome-webfont3e6e.svg]
[omarflores.dev/img/banner-bg.jpg]
[omarflores.dev/css/mywebsite.css]
[omarflores.dev/favicon/safari-pinned-tab.svg]
[omarflores.dev/img/play_color.svg]
[omarflores.dev/img/emotion-plus-icon-animated-dark.svg]
[omarflores.dev/img/trajectory.svg]
[omarflores.dev/vendor/font-awesome/fonts/fontawesome-webfont3e6e.svg]
